// Jest Snapshot v1, https://goo.gl/fbAQLP

exports[`Ercole Logo will mount the component 1`] = `
<section style="background-color: rgb(0, 0, 0);">
  <h2 class="sub-title border-bottom">
    Title Test
  </h2>
  <article class="box-content"></article>
</section>
`;
